Microchip MPLAB XC8 Compiler V2.00 ()

Linker command line:

-W-3 --edf=C:\Program Files (x86)\Microchip\xc8\v2.00\pic\dat\en_msgs.txt \
  -cs -h+dist/default/production\c_ultralowpower_flasher.X.production.sym \
  --cmf=dist/default/production\c_ultralowpower_flasher.X.production.cmf -z \
  -Q12F509 -oC:\Users\klnla\AppData\Local\Temp\si7s.2 \
  --defsym=__MPLAB_BUILD=1 \
  -Mdist/default/production/c_ultralowpower_flasher.X.production.map -E1 \
  -ver=XC8 --acfsm=1493 -ASTACK=030h-03fh -pstack=STACK \
  -ACODE=00h-01FFh,0200h-03FEh -ASTRCODE=00h-03FEh \
  -ASTRING=00h-0FFh,0200h-02FFh -AENTRY=00h-0FFh-01FFh,0200h-02FFh-03FEh \
  -ACOMMON=07h-0Fh -ABANK0=010h-01Fh -ABANK1=030h-03Fh \
  -ARAM=010h-01Fh,030h-03Fh -AABS1=07h-01Fh,030h-03Fh -ASFR0=00h-0Fh \
  -ASFR1=020h-02Fh \
  -preset_vec=03ffh,reset_wrap=0h,init,end_init,cinit,clrtext \
  -ppowerup=CODE -pfunctab=ENTRY -ACONFIG=0FFFh-0FFFh -pconfig=CONFIG \
  -DCONFIG=2 -AIDLOC=0400h-0403h -pidloc=IDLOC -DIDLOC=2 -pstrings=-STRING \
  -DCODE=2 -DSTRCODE=2 -DSTRING=2 -DCONST=2 -DENTRY=2 -k \
  C:\Users\klnla\AppData\Local\Temp\si7s.o \
  dist/default/production\c_ultralowpower_flasher.X.production.o 

Object code version is 3.11

Machine type is 12F509



                Name                               Link     Load   Length Selector   Space Scale
C:\Users\klnla\AppData\Local\Temp\si7s.o
                end_init                              0        0        2        0       0
                reset_vec                           3FF      3FF        1      7FE       0
                config                              FFF      FFF        1     1FFE       0
dist/default/production\c_ultralowpower_flasher.X.production.o
                cinit                                 2        2        3        0       0
                text2                               102      102       66      204       0
                jmp_tab                               5        5        4        0       0
                text1                               168      168       98      2D0       0
                maintext                             F1       F1       11      1E2       0
                cstackBANK0                          10       10        6       10       1

TOTAL           Name                               Link     Load   Length     Space
        CLASS   STACK          

        CLASS   CODE           
                reset_vec                           3FF      3FF        1         0
                text2                               102      102       66         0
                text1                               168      168       98         0
                maintext                             F1       F1       11         0

        CLASS   STRCODE        

        CLASS   STRING         

        CLASS   ENTRY          
                end_init                              0        0        2         0
                cinit                                 2        2        3         0
                jmp_tab                               5        5        4         0

        CLASS   COMMON         

        CLASS   BANK0          
                cstackBANK0                          10       10        6         1

        CLASS   BANK1          

        CLASS   RAM            

        CLASS   ABS1           
                abs_s1                                8        8        8         1

        CLASS   SFR0           

        CLASS   SFR1           

        CLASS   CONFIG         
                config                              FFF      FFF        1         0

        CLASS   IDLOC          

        CLASS   CONST          



SEGMENTS        Name                           Load    Length   Top    Selector   Space  Class     Delta

                reset_wrap                     000000  000009  000009         0       0  ENTRY       2
                cstackBANK0                    000010  000006  000016        10       1  BANK0       1
                maintext                       0000F1  000011  000102       1E2       0  CODE        2
                text2                          000102  000066  000168       204       0  CODE        2
                text1                          000168  000098  000200       2D0       0  CODE        2
                reset_vec                      0003FF  000001  000400       7FE       0  CODE        2
                config                         000FFF  000001  001000      1FFE       0  CONFIG      2


UNUSED ADDRESS RANGES

        Name                Unused          Largest block    Delta
        BANK0            0016-001F              A           1
        BANK1            0030-003F             10           1
        CODE             0009-00F0             E8           2
                         0200-03FE            1FF
        COMMON           0007-0007              1           1
        ENTRY            0009-00F0             E8           2
                         0200-02FF+00FF        100
        IDLOC            0400-0403              4           2
        RAM              0016-001F              A           1
                         0030-003F             10
        SFR0             0000-0007              8           1
        SFR1             0020-002F             10           1
        STACK            0030-003F             10           1
        STRCODE          0009-00F0             E8           2
                         0200-03FE            1FF
        STRING           0009-00F0             E8           2
                         0200-02FF            100

                                  Symbol Table

_GPIObits                (abs)        0006
_TRISGPIO                (abs)        0006
__CFG_CP$OFF             (abs)        0000
__CFG_MCLRE$OFF          (abs)        0000
__CFG_OSC$IntRC          (abs)        0000
__CFG_WDT$OFF            (abs)        0000
__Habs1                  abs1         0000
__Hbank0                 bank0        0000
__Hbank1                 bank1        0000
__Hcinit                 cinit        0005
__Hclrtext               clrtext      0005
__Hcode                  code         0000
__Hcommon                common       0000
__Hconfig                config       1000
__HcstackBANK0           cstackBANK0  0000
__HcstackCOMMON          cstackCOMMON 0000
__Hend_init              end_init     0002
__Hfunctab               functab      0000
__Hidloc                 idloc        0000
__Hinit                  init         0000
__Hjmp_tab               jmp_tab      0000
__Hmaintext              maintext     0000
__Hpowerup               powerup      0000
__Hram                   ram          0000
__Hreset_vec             reset_vec    0400
__Hreset_wrap            reset_wrap   0000
__Hsfr0                  sfr0         0000
__Hsfr1                  sfr1         0000
__Hspace_0               (abs)        1000
__Hspace_1               (abs)        0016
__Hspace_2               (abs)        0000
__Hstack                 stack        0000
__Hstrings               strings      0000
__Htext                  text         0000
__Labs1                  abs1         0000
__Lbank0                 bank0        0000
__Lbank1                 bank1        0000
__Lcinit                 cinit        0002
__Lclrtext               clrtext      0005
__Lcode                  code         0000
__Lcommon                common       0000
__Lconfig                config       0FFF
__LcstackBANK0           cstackBANK0  0000
__LcstackCOMMON          cstackCOMMON 0000
__Lend_init              end_init     0000
__Lfunctab               functab      0000
__Lidloc                 idloc        0000
__Linit                  init         0000
__Ljmp_tab               jmp_tab      0000
__Lmaintext              maintext     0000
__Lpowerup               powerup      0000
__Lram                   ram          0000
__Lreset_vec             reset_vec    03FF
__Lreset_wrap            reset_wrap   0000
__Lsfr0                  sfr0         0000
__Lsfr1                  sfr1         0000
__Lspace_0               (abs)        0000
__Lspace_1               (abs)        0000
__Lspace_2               (abs)        0000
__Lstack                 stack        0000
__Lstrings               strings      0000
__Ltext                  text         0000
__S0                     (abs)        1000
__S1                     (abs)        0016
__S2                     (abs)        0000
___int_sp                stack        0000
___latbits               (abs)        0001
___sp                    stack        0000
__end_of__initialization cinit        0002
__end_of_main            maintext     0102
__end_of_retardon        text2        0168
__end_of_retardon2       text1        0200
__initialization         cinit        0002
__pcstackBANK0           cstackBANK0  0010
__pcstackCOMMON          cstackCOMMON 0000
__pjmp_tab               jmp_tab      0005
__pmaintext              maintext     00F1
__ptext1                 text1        0168
__ptext2                 text2        0102
__size_of_main           (abs)        0000
__size_of_retardon       (abs)        0000
__size_of_retardon2      (abs)        0000
_main                    maintext     00F1
_retardon                text2        0102
_retardon2               text1        0168
btemp                    (abs)        0008
end_of_initialization    cinit        0002
entry__retardon          jmp_tab      0007
entry__retardon2         jmp_tab      0005
ltemp0                   (abs)        0008
ltemp1                   (abs)        000C
ltemp3                   (abs)        000A
reset_vec                reset_vec    03FF
retardon2@k              cstackBANK0  0010
retardon2@l              cstackBANK0  0012
retardon2@m              cstackBANK0  0014
retardon@i               cstackBANK0  0010
retardon@j               cstackBANK0  0012
stackhi                  (abs)        0000
stacklo                  (abs)        0000
start                    init         0000
start_initialization     cinit        0002
ttemp0                   (abs)        0008
ttemp1                   (abs)        000B
wtemp0                   (abs)        0008
wtemp1                   (abs)        000A
wtemp2                   (abs)        000C
wtemp3                   (abs)        000E


FUNCTION INFORMATION:

 *************** function _main *****************
 Defined at:
		line 10 in file "maincdemon.c"
 Parameters:    Size  Location     Type
		None
 Auto vars:     Size  Location     Type
		None
 Return value:  Size  Location     Type
                  1   12[None  ] void 
 Registers used:
		wreg, fsr0l, fsr0h, status,2, status,0, btemp+0, btemp+6, btemp+7, pclath, cstack
 Tracked objects:
		On entry : 
		On exit  : 
		Unchanged: 
 Data sizes:     COMMON   BANK0   BANK1
      Params:         0       0       0
      Locals:         0       0       0
      Temps:          0       0       0
      Totals:         0       0       0
Total ram usage:        0 bytes
 Hardware stack levels required when called:    1
 This function calls:
		_retardon
		_retardon2
 This function is called by:
		Startup code after reset
 This function uses a non-reentrant model


 *************** function _retardon2 *****************
 Defined at:
		line 28 in file "maincdemon.c"
 Parameters:    Size  Location     Type
		None
 Auto vars:     Size  Location     Type
  m               2    4[BANK0 ] int 
  l               2    2[BANK0 ] int 
  k               2    0[BANK0 ] int 
 Return value:  Size  Location     Type
                  2    6[None  ] int 
 Registers used:
		wreg, fsr0l, fsr0h, status,2, btemp+0, btemp+6, btemp+7
 Tracked objects:
		On entry : 
		On exit  : 
		Unchanged: 
 Data sizes:     COMMON   BANK0   BANK1
      Params:         0       0       0
      Locals:         0       6       0
      Temps:          0       0       0
      Totals:         0       6       0
Total ram usage:        6 bytes
 Hardware stack levels used:    1
 This function calls:
		Nothing
 This function is called by:
		_main
 This function uses a non-reentrant model


 *************** function _retardon *****************
 Defined at:
		line 20 in file "maincdemon.c"
 Parameters:    Size  Location     Type
		None
 Auto vars:     Size  Location     Type
  j               2    2[BANK0 ] int 
  i               2    0[BANK0 ] int 
 Return value:  Size  Location     Type
                  2    8[None  ] int 
 Registers used:
		wreg, fsr0l, fsr0h, status,2, btemp+0, btemp+6, btemp+7
 Tracked objects:
		On entry : 
		On exit  : 
		Unchanged: 
 Data sizes:     COMMON   BANK0   BANK1
      Params:         0       0       0
      Locals:         0       4       0
      Temps:          0       0       0
      Totals:         0       4       0
Total ram usage:        4 bytes
 Hardware stack levels used:    1
 This function calls:
		Nothing
 This function is called by:
		_main
 This function uses a non-reentrant model



MODULE INFORMATION

Module		Function		Class		Link	Load	Size
maincdemon.c
		_retardon      		CODE           	0102	0000	103
		_retardon2     		CODE           	0168	0000	153
		_main          		CODE           	00F1	0000	18

maincdemon.c estimated size: 274

shared
		__initialization		ENTRY          	0002	0000	1

shared estimated size: 1

